<PRED_EQ
  <PRED_TRUE>
  <PRED_EQ
    <PRED_TRUE>
    <PRED_FALSE>
  >
>
