<PRED_NEQ
  <PRED_TRUE>
  <PRED_NEQ
    <PRED_TRUE>
    <PRED_FALSE>
  >
>
