<PRED_OR
  <ID a>
  <PRED_AND
    <ID b>
    <ID c>
  >
>
