<DIV
  <DIV
    <INT 2>
    <INT 3>
  >
  <INT 4>
>
