<ADD
  <INT 2>
  <MUL
    <INT 3>
    <INT 4>
  >
>
