<DIV
  <INT 2>
  <ADD
    <INT 3>
    <INT 4>
  >
>
