<SUB
  <SUB
    <DIV
      <INT 3>
      <INT 4>
    >
    <INT 5>
  >
  <INT 2>
>
