<ASSIGN
  <ID x>
  <ADD
    <INT 13>
    <INT 14>
  >
>
