<IF
  <ID p>
  <THEN
    <IF
      <ID q>
      <THEN
        <ID r>
        <ID s>
      >
    >
    <UNIT>
  >
>
