<SEQ
  <WHILE
    <ID p>
    <SEQ
      <ID q>
      <NIL>
    >
  >
  <NIL>
>
