<SEQ
  <INT 1>
  <SEQ
    <INT 2>
    <NIL>
  >
>
