<SEQ
  <UNIT>
  <SEQ
    <INT 2>
    <SEQ
      <UNIT>
      <NIL>
    >
  >
>
