<LIST
  <ID x>
  <LIST
    <INT 1>
    <LIST
      <STRING "a">
      <NIL>
    >
  >
>
