INPUT_START
ID(y)
EQ
INT(3)
SEMI
ID(f)
EQ
LP
RP
SUB
MORE
INT(2)
MUL
LP
ID(y)
ADD
INT(3)
RP
SUB
INT(1)
DIV
INT(4)
SEMI
LC
STRING(string)
SEMI
LP
INT(1)
COMMA
INT(2)
RP
SEMI
RC
INPUT_STOP
