<FUNCALL
  <ID f>
  <LIST
    <UNIT>
    <NIL>
  >
>
