<FUNCALL
  <ID fu>
  <LIST
    <INT 3>
    <NIL>
  >
>
