<FUNCALL
  <FUNCALL
    <ID f>
    <LIST
      <INT 3>
      <NIL>
    >
  >
  <LIST
    <INT 4>
    <NIL>
  >
>
