<LAMBDA
  <LIST
    <UNIT>
    <NIL>
  >
  <INT 3>
>
