<LAMBDA
  <LIST
    <ID x>
    <NIL>
  >
  <MUL
    <INT 2>
    <ID x>
  >
>
